2024-09-25 11:53:26,052 - INFO - Tweet successfully sent with image: ./images/default.webp
2024-09-27 13:54:38,889 - INFO - Script başlatıldı.
2024-09-27 13:54:39,043 - INFO - API yanıtı başarılı şekilde alındı.
2024-09-27 13:54:39,044 - INFO - API yanıtında tüm gerekli anahtarlar bulundu.
2024-09-27 13:54:40,180 - INFO - Tweet başarıyla gönderildi. Kullanılan resim: ./images/default (1).webp
2024-09-27 15:00:17,300 - INFO - Script başlatıldı.
2024-09-27 15:00:17,566 - INFO - API yanıtı başarılı şekilde alındı.
2024-09-27 15:00:17,566 - INFO - API yanıtında tüm gerekli anahtarlar bulundu.
2024-09-27 15:00:18,702 - INFO - Tweet başarıyla gönderildi. Kullanılan resim: ./images/turkiye/turkiye.webp
2024-09-27 16:30:18,115 - INFO - Script başlatıldı.
2024-09-27 16:30:18,231 - INFO - API yanıtı başarılı şekilde alındı.
2024-09-27 16:30:18,231 - INFO - API yanıtında tüm gerekli anahtarlar bulundu.
2024-09-27 16:30:19,335 - INFO - Tweet başarıyla gönderildi. Kullanılan resim: ./images/london/london.webp
2024-09-27 20:00:27,128 - INFO - Script başlatıldı.
2024-09-27 20:00:27,243 - INFO - API yanıtı başarılı şekilde alındı.
2024-09-27 20:00:27,243 - INFO - API yanıtında tüm gerekli anahtarlar bulundu.
2024-09-27 20:00:28,267 - INFO - Tweet başarıyla gönderildi. Kullanılan resim: ./images/newyork/newyork (1).webp
2024-09-28 01:30:19,453 - INFO - Script başlatıldı.
2024-09-28 01:30:19,464 - INFO - Hafta sonu olduğu için tweet gönderilmiyor.
2024-09-28 07:00:21,109 - INFO - Script başlatıldı.
2024-09-28 07:00:21,121 - INFO - Hafta sonu olduğu için tweet gönderilmiyor.
2024-09-28 07:59:25,187 - INFO - Script başlatıldı.
2024-09-28 07:59:25,211 - INFO - Hafta sonu olduğu için tweet gönderilmiyor.
2024-09-28 08:00:15,700 - INFO - Script başlatıldı.
2024-09-28 08:00:15,712 - INFO - Hafta sonu olduğu için tweet gönderilmiyor.
2024-09-28 13:30:20,920 - INFO - Script başlatıldı.
2024-09-28 13:30:20,932 - INFO - Hafta sonu olduğu için tweet gönderilmiyor.
2024-09-28 15:00:17,158 - INFO - Script başlatıldı.
2024-09-28 15:00:17,170 - INFO - Hafta sonu olduğu için tweet gönderilmiyor.
2024-09-28 16:30:16,150 - INFO - Script başlatıldı.
2024-09-28 16:30:16,161 - INFO - Hafta sonu olduğu için tweet gönderilmiyor.
2024-09-28 20:00:24,619 - INFO - Script başlatıldı.
2024-09-28 20:00:24,631 - INFO - Hafta sonu olduğu için tweet gönderilmiyor.
2024-09-29 01:30:17,601 - INFO - Script başlatıldı.
2024-09-29 01:30:17,613 - INFO - Hafta sonu olduğu için tweet gönderilmiyor.
2024-09-29 07:00:16,899 - INFO - Script başlatıldı.
2024-09-29 07:00:16,911 - INFO - Hafta sonu olduğu için tweet gönderilmiyor.
2024-09-29 07:59:17,393 - INFO - Script başlatıldı.
2024-09-29 07:59:17,405 - INFO - Hafta sonu olduğu için tweet gönderilmiyor.
